
> estospaces-web-temp@0.1.0 build
> tsc && vite build

src/components/dashboard/DashboardFooter.tsx(127,33): error TS2322: Type '{ children: Element; to: string; target: "_blank"; rel: string; className: string; "aria-label": string; }' is not assignable to type 'DetailedHTMLProps<AnchorHTMLAttributes<HTMLAnchorElement>, HTMLAnchorElement>'.
  Property 'to' does not exist on type 'DetailedHTMLProps<AnchorHTMLAttributes<HTMLAnchorElement>, HTMLAnchorElement>'.
src/components/dashboard/DashboardFooter.tsx(136,33): error TS2322: Type '{ children: Element; to: string; target: "_blank"; rel: string; className: string; "aria-label": string; }' is not assignable to type 'DetailedHTMLProps<AnchorHTMLAttributes<HTMLAnchorElement>, HTMLAnchorElement>'.
  Property 'to' does not exist on type 'DetailedHTMLProps<AnchorHTMLAttributes<HTMLAnchorElement>, HTMLAnchorElement>'.
src/components/dashboard/DashboardFooter.tsx(145,33): error TS2322: Type '{ children: Element; to: string; target: "_blank"; rel: string; className: string; "aria-label": string; }' is not assignable to type 'DetailedHTMLProps<AnchorHTMLAttributes<HTMLAnchorElement>, HTMLAnchorElement>'.
  Property 'to' does not exist on type 'DetailedHTMLProps<AnchorHTMLAttributes<HTMLAnchorElement>, HTMLAnchorElement>'.
src/components/dashboard/messaging/PropertyCard.tsx(2,21): error TS2307: Cannot find module 'next/dynamic' or its corresponding type declarations.
src/components/dashboard/RecentActivity.tsx(5,21): error TS2307: Cannot find module 'next/dynamic' or its corresponding type declarations.
src/components/dashboard/SatelliteMap.tsx(4,21): error TS2307: Cannot find module 'next/dynamic' or its corresponding type declarations.
src/components/dashboard/UserPropertiesList.tsx(4,21): error TS2307: Cannot find module 'next/dynamic' or its corresponding type declarations.
src/components/layout/AdminHeader.tsx(4,10): error TS2305: Module '"react-router-dom"' has no exported member 'usePathname'.
src/components/layout/AdminHeader.tsx(13,22): error TS2552: Cannot find name 'useLocation'. Did you mean 'Location'?
src/components/layout/AdminLayoutClient.tsx(28,41): error TS2304: Cannot find name 'router'.
src/components/layout/AdminSidebar.tsx(26,22): error TS2552: Cannot find name 'useLocation'. Did you mean 'Location'?
src/components/layout/HorizontalNavigation.tsx(39,22): error TS2552: Cannot find name 'useLocation'. Did you mean 'Location'?
src/components/layout/HorizontalNavigation.tsx(41,26): error TS2552: Cannot find name 'useSearchParams'. Did you mean 'searchParams'?
src/components/layout/PublicHeader.tsx(6,10): error TS2305: Module '"react-router-dom"' has no exported member 'usePathname'.
src/components/layout/PublicHeader.tsx(10,22): error TS2552: Cannot find name 'useLocation'. Did you mean 'Location'?
src/components/ui/Breadcrumbs.tsx(5,10): error TS2305: Module '"react-router-dom"' has no exported member 'usePathname'.
src/components/ui/Breadcrumbs.tsx(40,22): error TS2304: Cannot find name 'useLocation'.
src/components/ui/Breadcrumbs.tsx(47,34): error TS7006: Parameter 'seg' implicitly has an 'any' type.
src/components/ui/Breadcrumbs.tsx(47,39): error TS7006: Parameter 'idx' implicitly has an 'any' type.
src/components/ui/Breadcrumbs.tsx(49,104): error TS7006: Parameter 'c' implicitly has an 'any' type.
src/components/ui/Breadcrumbs.tsx(59,26): error TS7006: Parameter 'crumb' implicitly has an 'any' type.
src/components/ui/SearchBar.tsx(85,26): error TS2304: Cannot find name 'useSearchParams'.
src/contexts/PropertyFilterContext.tsx(15,22): error TS2552: Cannot find name 'useLocation'. Did you mean 'Location'?
src/contexts/PropertyFilterContext.tsx(17,26): error TS2552: Cannot find name 'useSearchParams'. Did you mean 'searchParams'?
src/contexts/PropertyFilterContext.tsx(57,19): error TS2304: Cannot find name 'router'.
src/contexts/ThemeContext.tsx(4,10): error TS2305: Module '"react-router-dom"' has no exported member 'usePathname'.
src/contexts/ThemeContext.tsx(25,22): error TS2552: Cannot find name 'useLocation'. Did you mean 'Location'?
src/lib/seo.ts(1,31): error TS2307: Cannot find module 'next' or its corresponding type declarations.
src/pages/admin/chat/page.tsx(5,20): error TS2307: Cannot find module '../../../../components/ui/Avatar' or its corresponding type declarations.
src/pages/admin/chat/page.tsx(6,19): error TS2307: Cannot find module '../../../../components/ui/Badge' or its corresponding type declarations.
src/pages/auth/login/page.tsx(29,46): error TS2304: Cannot find name 'router'.
src/pages/auth/register/page.tsx(40,48): error TS2304: Cannot find name 'router'.
src/pages/layout.tsx(1,31): error TS2307: Cannot find module 'next' or its corresponding type declarations.
src/pages/layout.tsx(3,42): error TS2307: Cannot find module 'next/font/google' or its corresponding type declarations.
src/pages/manager/clients/page.tsx(5,22): error TS2307: Cannot find module '../../../../components/dashboard/UserCard' or its corresponding type declarations.
src/pages/manager/clients/page.tsx(6,20): error TS2307: Cannot find module '../../../../components/ui/Select' or its corresponding type declarations.
src/pages/manager/clients/page.tsx(7,24): error TS2307: Cannot find module '../../../../components/ui/BackButton' or its corresponding type declarations.
src/pages/manager/community/page.tsx(5,24): error TS2307: Cannot find module '../../../../components/ui/BackButton' or its corresponding type declarations.
src/pages/manager/community/page.tsx(6,28): error TS2307: Cannot find module '../../../../components/community/CommunityStats' or its corresponding type declarations.
src/pages/manager/community/page.tsx(7,48): error TS2307: Cannot find module '../../../../components/community/CommunityFilterBar' or its corresponding type declarations.
src/pages/manager/community/page.tsx(8,31): error TS2307: Cannot find module '../../../../components/community/CommunityPostCard' or its corresponding type declarations.
src/pages/manager/community/page.tsx(9,29): error TS2307: Cannot find module '../../../../components/community/CreatePostModal' or its corresponding type declarations.
src/pages/manager/community/page.tsx(10,27): error TS2307: Cannot find module '../../../../components/community/CommentsModal' or its corresponding type declarations.
src/pages/manager/community/page.tsx(11,93): error TS2307: Cannot find module '../../../../mocks/communityPosts' or its corresponding type declarations.
src/pages/manager/community/page.tsx(102,25): error TS7006: Parameter 'prev' implicitly has an 'any' type.
src/pages/manager/fast-track/page.tsx(4,51): error TS2307: Cannot find module '../../../../mocks/fastTrackCases' or its corresponding type declarations.
src/pages/manager/fast-track/page.tsx(5,31): error TS2307: Cannot find module '../../../../components/manager/FastTrack/FastTrackCaseCard' or its corresponding type declarations.
src/pages/manager/fast-track/page.tsx(6,33): error TS2307: Cannot find module '../../../../components/manager/FastTrack/FastTrackCaseDetail' or its corresponding type declarations.
src/pages/manager/fast-track/page.tsx(8,24): error TS2307: Cannot find module '../../../../components/ui/BackButton' or its corresponding type declarations.
src/pages/public/cookies/page.tsx(130,32): error TS2322: Type '{ children: string; to: string; className: string; }' is not assignable to type 'DetailedHTMLProps<AnchorHTMLAttributes<HTMLAnchorElement>, HTMLAnchorElement>'.
  Property 'to' does not exist on type 'DetailedHTMLProps<AnchorHTMLAttributes<HTMLAnchorElement>, HTMLAnchorElement>'.
src/pages/public/privacy/page.tsx(119,32): error TS2322: Type '{ children: string; to: string; className: string; }' is not assignable to type 'DetailedHTMLProps<AnchorHTMLAttributes<HTMLAnchorElement>, HTMLAnchorElement>'.
  Property 'to' does not exist on type 'DetailedHTMLProps<AnchorHTMLAttributes<HTMLAnchorElement>, HTMLAnchorElement>'.
src/pages/user/dashboard/discover/page.tsx(25,26): error TS2304: Cannot find name 'useSearchParams'.
src/pages/user/dashboard/messages/page.tsx(15,26): error TS2304: Cannot find name 'useSearchParams'.
src/pages/user/dashboard/page.tsx(1,26): error TS2307: Cannot find module 'next' or its corresponding type declarations.
src/pages/user/search/page.tsx(5,26): error TS2307: Cannot find module '../../../../components/dashboard/PropertyCard' or its corresponding type declarations.
src/pages/user/search/page.tsx(6,20): error TS2307: Cannot find module '../../../../components/ui/Select' or its corresponding type declarations.
src/pages/user/search/page.tsx(7,21): error TS2307: Cannot find module '../../../../components/ui/Spinner' or its corresponding type declarations.
