Γû▓ Next.js 16.1.6 (Turbopack)

  Creating an optimized production build ...
node.exe : 
At C:\Program Files\nodejs\npx.ps1:29 char:3
+   & $NODE_EXE $NPX_CLI_JS $args
+   ~~~~~~~~~~~~~~~~~~~~~~~~~~~~~
    + CategoryInfo          : NotSpecified: (:String) [], RemoteE 
   xception
    + FullyQualifiedErrorId : NativeCommandError
 
> Build error occurred
Error: Turbopack build failed with 1 errors:
./src/components/dashboard/BrokerRequestWidget.tsx:5:1
Module not found: Can't resolve '../../../contexts/AuthContext'
[0m [90m 3 |[39m [36mimport[39m [33mReact[39m[33m,[39m { 
useState } [36mfrom[39m [32m'react'[39m[33m;[39m
 [90m 4 |[39m [36mimport[39m { [33mSend[39m[33m,[39m 
[33mCheckCircle[39m[33m,[39m [33mAlertCircle[39m[33m,[39m 
[33mMapPin[39m[33m,[39m [33mBuilding[39m[33m,[39m 
[33mPhone[39m } [36mfrom[39m 
[32m'lucide-react'[39m[33m;[39m
[31m[1m>[22m[39m[90m 5 |[39m [36mimport[39m { useAuth } 
[36mfrom[39m 
[32m'../../../contexts/AuthContext'[39m[33m;[39m
 [90m   |[39m [31m[1m^[22m[39m[31m[1m^[22m[39m[31m[1m^
[22m[39m[31m[1m^[22m[39m[31m[1m^[22m[39m[31m[1m^[22m
[39m[31m[1m^[22m[39m[31m[1m^[22m[39m[31m[1m^[22m[39m[
31m[1m^[22m[39m[31m[1m^[22m[39m[31m[1m^[22m[39m[31m[1
m^[22m[39m[31m[1m^[22m[39m[31m[1m^[22m[39m[31m[1m^[22
m[39m[31m[1m^[22m[39m[31m[1m^[22m[39m[31m[1m^[22m[39m
[31m[1m^[22m[39m[31m[1m^[22m[39m[31m[1m^[22m[39m[31m
[1m^[22m[39m[31m[1m^[22m[39m[31m[1m^[22m[39m[31m[1m^[
22m[39m[31m[1m^[22m[39m[31m[1m^[22m[39m[31m[1m^[22m[3
9m[31m[1m^[22m[39m[31m[1m^[22m[39m[31m[1m^[22m[39m[31
m[1m^[22m[39m[31m[1m^[22m[39m[31m[1m^[22m[39m[31m[1m^
[22m[39m[31m[1m^[22m[39m[31m[1m^[22m[39m[31m[1m^[22m
[39m[31m[1m^[22m[39m[31m[1m^[22m[39m[31m[1m^[22m[39m[
31m[1m^[22m[39m[31m[1m^[22m[39m[31m[1m^[22m[39m[31m[1
m^[22m[39m[31m[1m^[22m[39m[31m[1m^[22m[39m[31m[1m^[22
m[39m[31m[1m^[22m[39m[31m[1m^[22m[39m[31m[1m^[22m[39m
[31m[1m^[22m[39m[31m[1m^[22m[39m[31m[1m^[22m[39m[31m
[1m^[22m[39m
 [90m 6 |[39m
 [90m 7 |[39m [36mconst[39m [33mBrokerRequestWidget[39m 
[33m=[39m () [33m=>[39m {
 [90m 8 |[39m     [36mconst[39m { user } [33m=[39m 
useAuth()[33m;[39m[0m



Import traces:
  Client Component Browser:
    ./src/components/dashboard/BrokerRequestWidget.tsx [Client 
Component Browser]
    ./src/app/(user)/user/dashboard/page.tsx [Client Component 
Browser]
    ./src/app/(user)/user/dashboard/page.tsx [Server Component]

  Client Component SSR:
    ./src/components/dashboard/BrokerRequestWidget.tsx [Client 
Component SSR]
    ./src/app/(user)/user/dashboard/page.tsx [Client Component 
SSR]
    ./src/app/(user)/user/dashboard/page.tsx [Server Component]

https://nextjs.org/docs/messages/module-not-found


    at <unknown> 
(./src/components/dashboard/BrokerRequestWidget.tsx:5:1)
    at <unknown> 
(https://nextjs.org/docs/messages/module-not-found)
